// Jest Snapshot v1, https://goo.gl/fbAQLP

exports[`directives-and-comments.yml 1`] = `
# 123
%YAML 1.2
# 456
---
# 789
test
# 000
~~~~~~~~~~~~~~~~~~~~~~~~~~~~~~~~~~~~~~~~~~~~~~~~~~~~~~~~~~~~~~~~~~~~~~~~~~~~~~~~
# 123
%YAML 1.2
# 456
---
# 789
test
# 000

`;
