// Jest Snapshot v1, https://goo.gl/fbAQLP

exports[`quote.yml 1`] = `
- "123"
- '123'
- "''"
- '""'
- ''''
- "\\"\\""
- '\\n123'
- "\\n123"
~~~~~~~~~~~~~~~~~~~~~~~~~~~~~~~~~~~~~~~~~~~~~~~~~~~~~~~~~~~~~~~~~~~~~~~~~~~~~~~~
- "123"
- "123"
- "''"
- '""'
- "'"
- '""'
- '\\n123'
- "\\n123"

`;

exports[`quote.yml 2`] = `
- "123"
- '123'
- "''"
- '""'
- ''''
- "\\"\\""
- '\\n123'
- "\\n123"
~~~~~~~~~~~~~~~~~~~~~~~~~~~~~~~~~~~~~~~~~~~~~~~~~~~~~~~~~~~~~~~~~~~~~~~~~~~~~~~~
- '123'
- '123'
- "''"
- '""'
- "'"
- '""'
- '\\n123'
- "\\n123"

`;
