// Jest Snapshot v1, https://goo.gl/fbAQLP

exports[`semicolon.js 1`] = `
;
~~~~~~~~~~~~~~~~~~~~~~~~~~~~~~~~~~~~~~~~~~~~~~~~~~~~~~~~~~~~~~~~~~~~~~~~~~~~~~~~


`;
