// Jest Snapshot v1, https://goo.gl/fbAQLP

exports[`root.yml 1`] = `
#hello world
~~~~~~~~~~~~~~~~~~~~~~~~~~~~~~~~~~~~~~~~~~~~~~~~~~~~~~~~~~~~~~~~~~~~~~~~~~~~~~~~
#hello world

`;

exports[`set.yml 1`] = `
- 123
  # 456
~~~~~~~~~~~~~~~~~~~~~~~~~~~~~~~~~~~~~~~~~~~~~~~~~~~~~~~~~~~~~~~~~~~~~~~~~~~~~~~~
- 123
# 456

`;
