// Jest Snapshot v1, https://goo.gl/fbAQLP

exports[`common.yml - yaml-verify 1`] = `
*abc
~~~~~~~~~~~~~~~~~~~~~~~~~~~~~~~~~~~~~~~~~~~~~~~~~~~~~~~~~~~~~~~~~~~~~~~~~~~~~~~~
*abc

`;
